{
  "version": "1.5.0",
  "plugins_used": [
    {
      "name": "ArtifactoryDetector"
    },
    {
      "name": "AWSKeyDetector"
    },
    {
      "name": "AzureStorageKeyDetector"
    },
    {
      "name": "Base64HighEntropyString",
      "limit": 4.5
    },
    {
      "name": "BasicAuthDetector"
    },
    {
      "name": "CloudantDetector"
    },
    {
      "name": "DiscordBotTokenDetector"
    },
    {
      "name": "GitHubTokenDetector"
    },
    {
      "name": "GitLabTokenDetector"
    },
    {
      "name": "HexHighEntropyString",
      "limit": 3.0
    },
    {
      "name": "IbmCloudIamDetector"
    },
    {
      "name": "IbmCosHmacDetector"
    },
    {
      "name": "IPPublicDetector"
    },
    {
      "name": "JwtTokenDetector"
    },
    {
      "name": "KeywordDetector",
      "keyword_exclude": ""
    },
    {
      "name": "MailchimpDetector"
    },
    {
      "name": "NpmDetector"
    },
    {
      "name": "OpenAIDetector"
    },
    {
      "name": "PrivateKeyDetector"
    },
    {
      "name": "PypiTokenDetector"
    },
    {
      "name": "SendGridDetector"
    },
    {
      "name": "SlackDetector"
    },
    {
      "name": "SoftlayerDetector"
    },
    {
      "name": "SquareOAuthDetector"
    },
    {
      "name": "StripeDetector"
    },
    {
      "name": "TelegramBotTokenDetector"
    },
    {
      "name": "TwilioKeyDetector"
    }
  ],
  "filters_used": [
    {
      "path": "detect_secrets.filters.allowlist.is_line_allowlisted"
    },
    {
      "path": "detect_secrets.filters.common.is_baseline_file",
      "filename": ".secrets.baseline"
    },
    {
      "path": "detect_secrets.filters.common.is_ignored_due_to_verification_policies",
      "min_level": 2
    },
    {
      "path": "detect_secrets.filters.heuristic.is_indirect_reference"
    },
    {
      "path": "detect_secrets.filters.heuristic.is_likely_id_string"
    },
    {
      "path": "detect_secrets.filters.heuristic.is_lock_file"
    },
    {
      "path": "detect_secrets.filters.heuristic.is_not_alphanumeric_string"
    },
    {
      "path": "detect_secrets.filters.heuristic.is_potential_uuid"
    },
    {
      "path": "detect_secrets.filters.heuristic.is_prefixed_with_dollar_sign"
    },
    {
      "path": "detect_secrets.filters.heuristic.is_sequential_string"
    },
    {
      "path": "detect_secrets.filters.heuristic.is_swagger_file"
    },
    {
      "path": "detect_secrets.filters.heuristic.is_templated_secret"
    }
  ],
  "results": {
    ".env.example": [
      {
        "type": "Basic Auth Credentials",
        "filename": ".env.example",
        "hashed_secret": "e8e9c02a4e4887541435631a3e573a01f7ac76a5",
        "is_verified": false,
        "line_number": 2
      }
    ],
    ".github/actions/ai-web-search/action.yml": [
      {
        "type": "Secret Keyword",
        "filename": ".github/actions/ai-web-search/action.yml",
        "hashed_secret": "2bba15943027db671f8e30132794c75a9c71537a",
        "is_verified": false,
        "line_number": 45
      }
    ],
    ".github/aw/actions-lock.json": [
      {
        "type": "Hex High Entropy String",
        "filename": ".github/aw/actions-lock.json",
        "hashed_secret": "58a4788c5bbda9135b052844a1b6e1aa3fa4a4ee",
        "is_verified": false,
        "line_number": 6
      }
    ],
    ".github/workflows/ai-continuous-qa-agent.lock.yml": [
      {
        "type": "Secret Keyword",
        "filename": ".github/workflows/ai-continuous-qa-agent.lock.yml",
        "hashed_secret": "8ddae565e41d2b27670f7445d2431552e1ecda83",
        "is_verified": false,
        "line_number": 867
      }
    ],
    ".github/workflows/ci.yml": [
      {
        "type": "Secret Keyword",
        "filename": ".github/workflows/ci.yml",
        "hashed_secret": "e8e9c02a4e4887541435631a3e573a01f7ac76a5",
        "is_verified": false,
        "line_number": 163
      },
      {
        "type": "Basic Auth Credentials",
        "filename": ".github/workflows/ci.yml",
        "hashed_secret": "e8e9c02a4e4887541435631a3e573a01f7ac76a5",
        "is_verified": false,
        "line_number": 201
      }
    ],
    ".github/workflows/deploy.yml": [
      {
        "type": "Secret Keyword",
        "filename": ".github/workflows/deploy.yml",
        "hashed_secret": "cada005233c075fbdefd8195c3f47d88febf0822",
        "is_verified": false,
        "line_number": 122
      },
      {
        "type": "Secret Keyword",
        "filename": ".github/workflows/deploy.yml",
        "hashed_secret": "7250ee9da71df432efb1431afe719eac57ef0e5b",
        "is_verified": false,
        "line_number": 152
      },
      {
        "type": "Secret Keyword",
        "filename": ".github/workflows/deploy.yml",
        "hashed_secret": "a40d664f3c68f64082a2283128edddac139e5c76",
        "is_verified": false,
        "line_number": 152
      }
    ],
    ".github/workflows/detect-secrets.yml": [
      {
        "type": "Secret Keyword",
        "filename": ".github/workflows/detect-secrets.yml",
        "hashed_secret": "0a25ba5991316bdda4a9b3abcee2106016df28a0",
        "is_verified": false,
        "line_number": 41
      }
    ],
    ".github/workflows/restore-test.yml": [
      {
        "type": "Secret Keyword",
        "filename": ".github/workflows/restore-test.yml",
        "hashed_secret": "e8e9c02a4e4887541435631a3e573a01f7ac76a5",
        "is_verified": false,
        "line_number": 30
      }
    ],
    ".secretlintignore": [
      {
        "type": "Basic Auth Credentials",
        "filename": ".secretlintignore",
        "hashed_secret": "e8e9c02a4e4887541435631a3e573a01f7ac76a5",
        "is_verified": false,
        "line_number": 5
      },
      {
        "type": "Secret Keyword",
        "filename": ".secretlintignore",
        "hashed_secret": "6e83d7f8b8c477a2f6ee69a8e13f4291cfaf4ce1",
        "is_verified": false,
        "line_number": 9
      }
    ],
    "README.md": [
      {
        "type": "Basic Auth Credentials",
        "filename": "README.md",
        "hashed_secret": "e8e9c02a4e4887541435631a3e573a01f7ac76a5",
        "is_verified": false,
        "line_number": 88
      },
      {
        "type": "Secret Keyword",
        "filename": "README.md",
        "hashed_secret": "0bded89365685fef2638966754bc4af89df87207",
        "is_verified": false,
        "line_number": 156
      }
    ],
    "backend/src/lib/line/event-handler.test.ts": [
      {
        "type": "Secret Keyword",
        "filename": "backend/src/lib/line/event-handler.test.ts",
        "hashed_secret": "920a25ef686c4f7ca6ad23dd109d3ad653161832",
        "is_verified": false,
        "line_number": 17
      }
    ],
    "backend/src/lib/line/signature.test.ts": [
      {
        "type": "Secret Keyword",
        "filename": "backend/src/lib/line/signature.test.ts",
        "hashed_secret": "6e83d7f8b8c477a2f6ee69a8e13f4291cfaf4ce1",
        "is_verified": false,
        "line_number": 6
      }
    ],
    "backend/src/lib/mail/resend-adapter.test.ts": [
      {
        "type": "Secret Keyword",
        "filename": "backend/src/lib/mail/resend-adapter.test.ts",
        "hashed_secret": "a94a8fe5ccb19ba61c4c0873d391e987982fbbd3",
        "is_verified": false,
        "line_number": 19
      }
    ],
    "backend/src/middleware/line-signature.test.ts": [
      {
        "type": "Secret Keyword",
        "filename": "backend/src/middleware/line-signature.test.ts",
        "hashed_secret": "fe1bae27cb7c1fb823f496f286e78f1d2ae87734",
        "is_verified": false,
        "line_number": 10
      }
    ],
    "backup/backup.sh": [
      {
        "type": "Basic Auth Credentials",
        "filename": "backup/backup.sh",
        "hashed_secret": "9d4e1e23bd5b727046a9e3b4b7db57bd8d6ee684",
        "is_verified": false,
        "line_number": 21
      }
    ],
    "compose.yml": [
      {
        "type": "Secret Keyword",
        "filename": "compose.yml",
        "hashed_secret": "e8e9c02a4e4887541435631a3e573a01f7ac76a5",
        "is_verified": false,
        "line_number": 6
      },
      {
        "type": "Basic Auth Credentials",
        "filename": "compose.yml",
        "hashed_secret": "e8e9c02a4e4887541435631a3e573a01f7ac76a5",
        "is_verified": false,
        "line_number": 40
      }
    ],
    "docs/backup.md": [
      {
        "type": "Basic Auth Credentials",
        "filename": "docs/backup.md",
        "hashed_secret": "112bb791304791ddcf692e29fd5cf149b35fea37",
        "is_verified": false,
        "line_number": 46
      },
      {
        "type": "Secret Keyword",
        "filename": "docs/backup.md",
        "hashed_secret": "981eb7e146cab5b17b4c7f5f12af441d36d0cc36",
        "is_verified": false,
        "line_number": 58
      }
    ],
    "docs/manual-deploy.md": [
      {
        "type": "Secret Keyword",
        "filename": "docs/manual-deploy.md",
        "hashed_secret": "2dc1d541e6e7580d87a0cb502f51d6db154f1247",
        "is_verified": false,
        "line_number": 140
      }
    ],
    "docs/public-release-risk-assessment.md": [
      {
        "type": "Private Key",
        "filename": "docs/public-release-risk-assessment.md",
        "hashed_secret": "1348b145fa1a555461c1b790a2f66614781091e9",
        "is_verified": false,
        "line_number": 28
      },
      {
        "type": "Secret Keyword",
        "filename": "docs/public-release-risk-assessment.md",
        "hashed_secret": "3ea3f9802accf8817bacd6f3df46a73b93ccddec",
        "is_verified": false,
        "line_number": 301
      }
    ],
    "docs/superpowers/plans/2026-04-16-line-foundation-implementation.md": [
      {
        "type": "Basic Auth Credentials",
        "filename": "docs/superpowers/plans/2026-04-16-line-foundation-implementation.md",
        "hashed_secret": "e8e9c02a4e4887541435631a3e573a01f7ac76a5",
        "is_verified": false,
        "line_number": 212
      },
      {
        "type": "Secret Keyword",
        "filename": "docs/superpowers/plans/2026-04-16-line-foundation-implementation.md",
        "hashed_secret": "6e83d7f8b8c477a2f6ee69a8e13f4291cfaf4ce1",
        "is_verified": false,
        "line_number": 455
      },
      {
        "type": "Secret Keyword",
        "filename": "docs/superpowers/plans/2026-04-16-line-foundation-implementation.md",
        "hashed_secret": "fe1bae27cb7c1fb823f496f286e78f1d2ae87734",
        "is_verified": false,
        "line_number": 773
      },
      {
        "type": "Secret Keyword",
        "filename": "docs/superpowers/plans/2026-04-16-line-foundation-implementation.md",
        "hashed_secret": "920a25ef686c4f7ca6ad23dd109d3ad653161832",
        "is_verified": false,
        "line_number": 933
      },
      {
        "type": "Secret Keyword",
        "filename": "docs/superpowers/plans/2026-04-16-line-foundation-implementation.md",
        "hashed_secret": "0bded89365685fef2638966754bc4af89df87207",
        "is_verified": false,
        "line_number": 1716
      }
    ],
    "frontend/src/pages/__tests__/Signup.test.tsx": [
      {
        "type": "Secret Keyword",
        "filename": "frontend/src/pages/__tests__/Signup.test.tsx",
        "hashed_secret": "cbfdac6008f9cab4083784cbd1874f76618d2a97",
        "is_verified": false,
        "line_number": 58
      }
    ],
    "infra/jest.config.js": [
      {
        "type": "Base64 High Entropy String",
        "filename": "infra/jest.config.js",
        "hashed_secret": "28ca289903ba7aad5f861fcbe1f70a8bebaea920",
        "is_verified": false,
        "line_number": 16
      }
    ],
    "infra/main.ts": [
      {
        "type": "Secret Keyword",
        "filename": "infra/main.ts",
        "hashed_secret": "b8bcc8c775f8a905b7ff922b10906167fd5ee5bc",
        "is_verified": false,
        "line_number": 71
      }
    ],
    "package.json": [
      {
        "type": "Secret Keyword",
        "filename": "package.json",
        "hashed_secret": "d5517ac0e6d2f3b4f403aedd5c4c73008b189735",
        "is_verified": false,
        "line_number": 12
      }
    ]
  },
  "generated_at": "2026-08-04T22:08:52Z"
}
